<?xml version="1.0" encoding="UTF-8"?>
<testsuites name="jest tests" tests="4" failures="0" errors="0" time="5.685">
  <testsuite name="undefined" errors="0" failures="0" skipped="0" timestamp="2024-05-30T08:44:38" time="3.787" tests="4">
    <testcase classname=" sumEvenNumbers returns correct sum for an array of mixed numbers" name=" sumEvenNumbers returns correct sum for an array of mixed numbers" time="0.003">
    </testcase>
    <testcase classname=" sumEvenNumbers returns 0 for an array with no even numbers" name=" sumEvenNumbers returns 0 for an array with no even numbers" time="0.001">
    </testcase>
    <testcase classname=" sumEvenNumbers returns the sum for an array with only even numbers" name=" sumEvenNumbers returns the sum for an array with only even numbers" time="0.001">
    </testcase>
    <testcase classname=" sumEvenNumbers returns 0 for an empty array" name=" sumEvenNumbers returns 0 for an empty array" time="0.001">
    </testcase>
  </testsuite>
</testsuites>